
[2m> [22m[2mnx run[22m user-portal:serve:development --port=4200

[33m>[39m Building...
[32m√[39m Building...
[37m[1mInitial chunk files[22m[2m | [22m[1mNames[22m                      [2m | [22m [1mRaw size[22m
[32mstyles.css[37m         [2m | [22m[2mstyles[22m                     [2m | [22m [36m38.14 kB[37m[2m | [22m
[32mchunk-MSRRVW3W.js[37m  [2m | [22m[2m-[22m                          [2m | [22m [36m24.30 kB[37m[2m | [22m
[32mmain.js[37m            [2m | [22m[2mmain[22m                       [2m | [22m  [36m5.25 kB[37m[2m | [22m
[32mchunk-CX56VQ5M.js[37m  [2m | [22m[2m-[22m                          [2m | [22m  [36m1.51 kB[37m[2m | [22m
[32mchunk-VUJOFXKG.js[37m  [2m | [22m[2m-[22m                          [2m | [22m[36m938 bytes[37m[2m | [22m
[1m [22m                  [2m | [22m[1mInitial total[22m              [2m | [22m [1m70.14 kB[22m
[1mLazy chunk files[22m   [2m | [22m[1mNames[22m                      [2m | [22m [1mRaw size[22m
[32mchunk-YSGKPG53.js[37m  [2m | [22m[2m-[22m                          [2m | [22m [36m90.49 kB[37m[2m | [22m
[32mchunk-Q6FDBVSF.js[37m  [2m | [22m[2mmain-layout-component[22m      [2m | [22m [36m12.30 kB[37m[2m | [22m
[32mchunk-CXOMJPAT.js[37m  [2m | [22m[2mhome-component[22m             [2m | [22m [36m12.30 kB[37m[2m | [22m
[32mchunk-P2QNYMRB.js[37m  [2m | [22m[2mbrowse-committees-component[22m[2m | [22m [36m11.89 kB[37m[2m | [22m
[32mchunk-AT324Y5T.js[37m  [2m | [22m[2mdashboard-component[22m        [2m | [22m [36m11.61 kB[37m[2m | [22m
[32mchunk-KPXNXKCP.js[37m  [2m | [22m[2mmy-committees-component[22m    [2m | [22m [36m11.16 kB[37m[2m | [22m
[32mchunk-Q57TO4SQ.js[37m  [2m | [22m[2mpayment-component[22m          [2m | [22m [36m10.47 kB[37m[2m | [22m
[32mchunk-P4ODOCYW.js[37m  [2m | [22m[2msupport-component[22m          [2m | [22m  [36m9.15 kB[37m[2m | [22m
[32mchunk-CRYMHZMO.js[37m  [2m | [22m[2mprofile-component[22m          [2m | [22m  [36m8.34 kB[39m
[37m[39m[2m | [22m
[32mchunk-3QDNNCGX.js[37m  [2m | [22m[2mwallet-component[22m           [2m | [22m  [36m7.18 kB[37m[2m | [22m
[32mchunk-YEX7KXDL.js[37m  [2m | [22m[2mtrust-score-component[22m      [2m | [22m  [36m6.09 kB[37m[2m | [22m
[32mchunk-BKWR7E4V.js[37m  [2m | [22m[2mlogin-component[22m            [2m | [22m  [36m5.97 kB[37m[2m | [22m
[32mchunk-MQ3N7UWB.js[37m  [2m | [22m[2mregister-component[22m         [2m | [22m  [36m5.76 kB[37m[2m | [22m
[32mchunk-AMA36ZGM.js[37m  [2m | [22m[2mauth-layout-component[22m      [2m | [22m  [36m4.48 kB[37m[2m | [22m
[32mchunk-TNDMX5A6.js[37m  [2m | [22m[2mforgot-password-component[22m  [2m | [22m  [36m4.19 kB[37m[2m | [22m
[2m...and 1 more lazy chunks files. Use "--verbose" to show all the files.[22m
Application bundle generation complete. [7.562 seconds] - 2026-05-10T08:20:45.199Z
[39m
[37mWatch mode enabled. Watching for file changes...[39m
[37mNOTE: Raw file sizes do not reflect development server per-request transformations.[39m
  [32m➜[39m  [1mLocal[22m:   [36mhttp://localhost:[1m4200[22m/[39m
[2m[32m  ➜[39m[22m[2m  press [22m[1mh + enter[22m[2m to show help[22m
[33m>[39m Changes detected. Rebuilding...
[32m√[39m Changes detected. Rebuilding...
[37m[1mInitial chunk files[22m[2m | [22m[1mNames[22m [2m | [22m[1mRaw size[22m
[32mstyles.css[37m         [2m | [22m[2mstyles[22m[2m | [22m[36m52.71 kB[37m[2m | [22m
Application bundle generation complete. [1.911 seconds] - 2026-05-10T15:35:13.471Z
[39m
[37mStylesheet update sent to client(s).[39m
[33m>[39m Changes detected. Rebuilding...
[32m√[39m Changes detected. Rebuilding...
[37m[1mInitial chunk files[22m[2m | [22m[1mNames[22m [2m | [22m[1mRaw size[22m
[32mstyles.css[37m         [2m | [22m[2mstyles[22m[2m | [22m[36m53.49 kB[37m[2m | [22m
Application bundle generation complete. [1.362 seconds] - 2026-05-10T15:35:29.508Z
[39m
[37mStylesheet update sent to client(s).[39m
[33m>[39m Changes detected. Rebuilding...
[32m√[39m Changes detected. Rebuilding...
[37m[1mInitial chunk files[22m[2m | [22m[1mNames[22m                      [2m | [22m [1mRaw size[22m
[32mstyles.css[37m         [2m | [22m[2mstyles[22m                     [2m | [22m [36m53.49 kB[37m[2m | [22m
[32mchunk-MSRRVW3W.js[37m  [2m | [22m[2m-[22m                          [2m | [22m [36m24.30 kB[37m[2m | [22m
[32mmain.js[37m            [2m | [22m[2mmain[22m                       [2m | [22m  [36m5.25 kB[37m[2m | [22m
[32mchunk-CX56VQ5M.js[37m  [2m | [22m[2m-[22m                          [2m | [22m  [36m1.51 kB[37m[2m | [22m
[32mchunk-VUJOFXKG.js[37m  [2m | [22m[2m-[22m                          [2m | [22m[36m938 bytes[37m[2m | [22m
[1m [22m                  [2m | [22m[1mInitial total[22m              [2m | [22m [1m85.49 kB[22m
[1mLazy chunk files[22m   [2m | [22m[1mNames[22m                      [2m | [22m [1mRaw size[22m
[32mchunk-YSGKPG53.js[37m  [2m | [22m[2m-[22m                          [2m | [22m [36m90.49 kB[37m[2m | [22m
[32mchunk-Q6FDBVSF.js[37m  [2m | [22m[2mmain-layout-component[22m      [2m | [22m [36m12.30 kB[37m[2m | [22m
[32mchunk-CXOMJPAT.js[37m  [2m | [22m[2mhome-component[22m             [2m | [22m [36m12.30 kB[37m[2m | [22m
[32mchunk-P2QNYMRB.js[37m  [2m | [22m[2mbrowse-committees-component[22m[2m | [22m [36m11.89 kB[37m[2m | [22m
[32mchunk-AT324Y5T.js[37m  [2m | [22m[2mdashboard-component[22m        [2m | [22m [36m11.61 kB[37m[2m | [22m
[32mchunk-KPXNXKCP.js[37m  [2m | [22m[2mmy-committees-component[22m    [2m | [22m [36m11.16 kB[37m[2m | [22m
[32mchunk-Q57TO4SQ.js[37m  [2m | [22m[2mpayment-component[22m          [2m | [22m [36m10.47 kB[37m[2m | [22m
[32mchunk-P4ODOCYW.js[37m  [2m | [22m[2msupport-component[22m          [2m | [22m  [36m9.15 kB[37m[2m | [22m
[32mchunk-CRYMHZMO.js[37m  [2m | [22m[2mprofile-component[22m          [2m | [22m  [36m8.34 kB[39m
[37m[39m[2m | [22m
[32mchunk-3QDNNCGX.js[37m  [2m | [22m[2mwallet-component[22m           [2m | [22m  [36m7.18 kB[37m[2m | [22m
[32mchunk-YEX7KXDL.js[37m  [2m | [22m[2mtrust-score-component[22m      [2m | [22m  [36m6.09 kB[37m[2m | [22m
[32mchunk-BKWR7E4V.js[37m  [2m | [22m[2mlogin-component[22m            [2m | [22m  [36m5.97 kB[37m[2m | [22m
[32mchunk-MQ3N7UWB.js[37m  [2m | [22m[2mregister-component[22m         [2m | [22m  [36m5.76 kB[37m[2m | [22m
[32mchunk-AMA36ZGM.js[37m  [2m | [22m[2mauth-layout-component[22m      [2m | [22m  [36m4.48 kB[37m[2m | [22m
[32mchunk-TNDMX5A6.js[37m  [2m | [22m[2mforgot-password-component[22m  [2m | [22m  [36m4.19 kB[37m[2m | [22m
[2m...and 1 more lazy chunks files. Use "--verbose" to show all the files.[22m
Application bundle generation complete. [0.199 seconds] - 2026-05-10T15:38:35.767Z
[39m
[33m>[39m Changes detected. Rebuilding...
[32m√[39m Changes detected. Rebuilding...
[37m[1mInitial chunk files[22m[2m | [22m[1mNames[22m                      [2m | [22m [1mRaw size[22m
[32mstyles.css[37m         [2m | [22m[2mstyles[22m                     [2m | [22m [36m53.49 kB[37m[2m | [22m
[32mchunk-MSRRVW3W.js[37m  [2m | [22m[2m-[22m                          [2m | [22m [36m24.30 kB[37m[2m | [22m
[32mmain.js[37m            [2m | [22m[2mmain[22m                       [2m | [22m  [36m5.25 kB[37m[2m | [22m
[32mchunk-CX56VQ5M.js[37m  [2m | [22m[2m-[22m                          [2m | [22m  [36m1.51 kB[37m[2m | [22m
[32mchunk-VUJOFXKG.js[37m  [2m | [22m[2m-[22m                          [2m | [22m[36m938 bytes[37m[2m | [22m
[1m [22m                  [2m | [22m[1mInitial total[22m              [2m | [22m [1m85.49 kB[22m
[1mLazy chunk files[22m   [2m | [22m[1mNames[22m                      [2m | [22m [1mRaw size[22m
[32mchunk-YSGKPG53.js[37m  [2m | [22m[2m-[22m                          [2m | [22m [36m90.49 kB[37m[2m | [22m
[32mchunk-Q6FDBVSF.js[37m  [2m | [22m[2mmain-layout-component[22m      [2m | [22m [36m12.30 kB[37m[2m | [22m
[32mchunk-CXOMJPAT.js[37m  [2m | [22m[2mhome-component[22m             [2m | [22m [36m12.30 kB[37m[2m | [22m
[32mchunk-P2QNYMRB.js[37m  [2m | [22m[2mbrowse-committees-component[22m[2m | [22m [36m11.89 kB[37m[2m | [22m
[32mchunk-AT324Y5T.js[37m  [2m | [22m[2mdashboard-component[22m        [2m | [22m [36m11.61 kB[37m[2m | [22m
[32mchunk-KPXNXKCP.js[37m  [2m | [22m[2mmy-committees-component[22m    [2m | [22m [36m11.16 kB[37m[2m | [22m
[32mchunk-Q57TO4SQ.js[37m  [2m | [22m[2mpayment-component[22m          [2m | [22m [36m10.47 kB[37m[2m | [22m
[32mchunk-P4ODOCYW.js[37m  [2m | [22m[2msupport-component[22m          [2m | [22m  [36m9.15 kB[37m[2m | [22m
[32mchunk-CRYMHZMO.js[37m  [2m | [22m[2mprofile-component[22m          [2m | [22m  [36m8.34 kB[39m
[37m[39m[2m | [22m
[32mchunk-3QDNNCGX.js[37m  [2m | [22m[2mwallet-component[22m           [2m | [22m  [36m7.18 kB[37m[2m | [22m
[32mchunk-YEX7KXDL.js[37m  [2m | [22m[2mtrust-score-component[22m      [2m | [22m  [36m6.09 kB[37m[2m | [22m
[32mchunk-BKWR7E4V.js[37m  [2m | [22m[2mlogin-component[22m            [2m | [22m  [36m5.97 kB[37m[2m | [22m
[32mchunk-MQ3N7UWB.js[37m  [2m | [22m[2mregister-component[22m         [2m | [22m  [36m5.76 kB[37m[2m | [22m
[32mchunk-AMA36ZGM.js[37m  [2m | [22m[2mauth-layout-component[22m      [2m | [22m  [36m4.48 kB[37m[2m | [22m
[32mchunk-TNDMX5A6.js[37m  [2m | [22m[2mforgot-password-component[22m  [2m | [22m  [36m4.19 kB[37m[2m | [22m
[2m...and 1 more lazy chunks files. Use "--verbose" to show all the files.[22m
Application bundle generation complete. [0.143 seconds] - 2026-05-10T15:38:58.977Z
[39m
[33m>[39m Changes detected. Rebuilding...
[32m√[39m Changes detected. Rebuilding...
[37m[1mInitial chunk files[22m[2m | [22m[1mNames[22m                      [2m | [22m [1mRaw size[22m
[32mstyles.css[37m         [2m | [22m[2mstyles[22m                     [2m | [22m [36m53.49 kB[37m[2m | [22m
[32mchunk-MSRRVW3W.js[37m  [2m | [22m[2m-[22m                          [2m | [22m [36m24.30 kB[37m[2m | [22m
[32mmain.js[37m            [2m | [22m[2mmain[22m                       [2m | [22m  [36m5.25 kB[37m[2m | [22m
[32mchunk-CX56VQ5M.js[37m  [2m | [22m[2m-[22m                          [2m | [22m  [36m1.51 kB[37m[2m | [22m
[32mchunk-VUJOFXKG.js[37m  [2m | [22m[2m-[22m                          [2m | [22m[36m938 bytes[37m[2m | [22m
[1m [22m                  [2m | [22m[1mInitial total[22m              [2m | [22m [1m85.49 kB[22m
[1mLazy chunk files[22m   [2m | [22m[1mNames[22m                      [2m | [22m [1mRaw size[22m
[32mchunk-YSGKPG53.js[37m  [2m | [22m[2m-[22m                          [2m | [22m [36m90.49 kB[37m[2m | [22m
[32mchunk-Q6FDBVSF.js[37m  [2m | [22m[2mmain-layout-component[22m      [2m | [22m [36m12.30 kB[37m[2m | [22m
[32mchunk-CXOMJPAT.js[37m  [2m | [22m[2mhome-component[22m             [2m | [22m [36m12.30 kB[37m[2m | [22m
[32mchunk-P2QNYMRB.js[37m  [2m | [22m[2mbrowse-committees-component[22m[2m | [22m [36m11.89 kB[37m[2m | [22m
[32mchunk-AT324Y5T.js[37m  [2m | [22m[2mdashboard-component[22m        [2m | [22m [36m11.61 kB[37m[2m | [22m
[32mchunk-KPXNXKCP.js[37m  [2m | [22m[2mmy-committees-component[22m    [2m | [22m [36m11.16 kB[37m[2m | [22m
[32mchunk-Q57TO4SQ.js[37m  [2m | [22m[2mpayment-component[22m          [2m | [22m [36m10.47 kB[37m[2m | [22m
[32mchunk-P4ODOCYW.js[37m  [2m | [22m[2msupport-component[22m          [2m | [22m  [36m9.15 kB[37m[2m | [22m
[32mchunk-CRYMHZMO.js[37m  [2m | [22m[2mprofile-component[22m          [2m | [22m  [36m8.34 kB[39m[37m[39m[2m | [22m
[32mchunk-3QDNNCGX.js[37m  [2m | [22m[2mwallet-component[22m           [2m | [22m  [36m7.18 kB[37m[2m | [22m
[32mchunk-YEX7KXDL.js[37m  [2m | [22m[2mtrust-score-component[22m      [2m | [22m  [36m6.09 kB[37m[2m | [22m
[32mchunk-BKWR7E4V.js[37m  [2m | [22m[2mlogin-component[22m            [2m | [22m  [36m5.97 kB[37m[2m | [22m
[32mchunk-MQ3N7UWB.js[37m  [2m | [22m[2mregister-component[22m         [2m | [22m  [36m5.76 kB[37m[2m | [22m
[32mchunk-AMA36ZGM.js[37m  [2m | [22m[2mauth-layout-component[22m      [2m | [22m  [36m4.48 kB[37m[2m | [22m
[32mchunk-TNDMX5A6.js[37m  [2m | [22m[2mforgot-password-component[22m  [2m | [22m  [36m4.19 kB[37m[2m | [22m
[2m...and 1 more lazy chunks files. Use "--verbose" to show all the files.[22m
Application bundle generation complete. [0.196 seconds] - 2026-05-10T15:52:01.756Z
[39m
[33m>[39m Changes detected. Rebuilding...
[32m√[39m Changes detected. Rebuilding...
[37m[1mInitial chunk files[22m[2m | [22m[1mNames[22m [2m | [22m[1mRaw size[22m
[32mstyles.css[37m         [2m | [22m[2mstyles[22m[2m | [22m[36m53.56 kB[37m[2m | [22m
Application bundle generation complete. [0.177 seconds] - 2026-05-10T15:52:30.992Z
[39m
[37mStylesheet update sent to client(s).[39m
[33m>[39m Changes detected. Rebuilding...
[32m√[39m Changes detected. Rebuilding...
[37m[1mInitial chunk files[22m[2m | [22m[1mNames[22m [2m | [22m[1mRaw size[22m
[32mstyles.css[37m         [2m | [22m[2mstyles[22m[2m | [22m[36m53.85 kB[37m[2m | [22m
Application bundle generation complete. [0.167 seconds] - 2026-05-10T15:53:33.112Z
[39m
[37mStylesheet update sent to client(s).[39m
[33m>[39m Changes detected. Rebuilding...
[32m√[39m Changes detected. Rebuilding...
[37m[1mInitial chunk files[22m[2m | [22m[1mNames[22m [2m | [22m[1mRaw size[22m
[32mstyles.css[37m         [2m | [22m[2mstyles[22m[2m | [22m[36m54.07 kB[37m[2m | [22m
Application bundle generation complete. [0.356 seconds] - 2026-05-10T15:54:09.312Z
[39m
[37mStylesheet update sent to client(s).[39m
[33m>[39m Changes detected. Rebuilding...
[32m√[39m Changes detected. Rebuilding...
[37m[1mInitial chunk files[22m[2m | [22m[1mNames[22m [2m | [22m[1mRaw size[22m
[32mstyles.css[37m         [2m | [22m[2mstyles[22m[2m | [22m[36m54.19 kB[37m[2m | [22m
Application bundle generation complete. [0.197 seconds] - 2026-05-10T15:54:42.353Z
[39m
[37mStylesheet update sent to client(s).[39m
[33m>[39m Changes detected. Rebuilding...
[32m√[39m Changes detected. Rebuilding...
[37m[1mInitial chunk files[22m[2m | [22m[1mNames[22m [2m | [22m[1mRaw size[22m
[32mstyles.css[37m         [2m | [22m[2mstyles[22m[2m | [22m[36m54.29 kB[37m[2m | [22m
Application bundle generation complete. [0.183 seconds] - 2026-05-10T15:55:17.348Z
[39m
[37mStylesheet update sent to client(s).[39m
[33m>[39m Changes detected. Rebuilding...
[32m√[39m Changes detected. Rebuilding...
[37m[1mInitial chunk files[22m[2m | [22m[1mNames[22m [2m | [22m[1mRaw size[22m
[32mstyles.css[37m         [2m | [22m[2mstyles[22m[2m | [22m[36m54.41 kB[37m[2m | [22m
Application bundle generation complete. [0.288 seconds] - 2026-05-10T15:55:47.414Z
[39m
[37mStylesheet update sent to client(s).[39m
[33m>[39m Changes detected. Rebuilding...
[32m√[39m Changes detected. Rebuilding...
[37m[1mInitial chunk files[22m[2m | [22m[1mNames[22m [2m | [22m[1mRaw size[22m
[32mstyles.css[37m         [2m | [22m[2mstyles[22m[2m | [22m[36m54.45 kB[37m[2m | [22m
Application bundle generation complete. [0.178 seconds] - 2026-05-10T15:56:17.046Z
[39m
[37mStylesheet update sent to client(s).[39m
[33m>[39m Changes detected. Rebuilding...
[32m√[39m Changes detected. Rebuilding...
[37m[1mInitial chunk files[22m[2m | [22m[1mNames[22m                      [2m | [22m [1mRaw size[22m
[32mstyles.css[37m         [2m | [22m[2mstyles[22m                     [2m | [22m [36m54.45 kB[37m[2m | [22m
[32mchunk-MSRRVW3W.js[37m  [2m | [22m[2m-[22m                          [2m | [22m [36m24.30 kB[37m[2m | [22m
[32mmain.js[37m            [2m | [22m[2mmain[22m                       [2m | [22m  [36m5.25 kB[37m[2m | [22m
[32mchunk-CX56VQ5M.js[37m  [2m | [22m[2m-[22m                          [2m | [22m  [36m1.51 kB[37m[2m | [22m
[32mchunk-VUJOFXKG.js[37m  [2m | [22m[2m-[22m                          [2m | [22m[36m938 bytes[37m[2m | [22m
[1m [22m                  [2m | [22m[1mInitial total[22m              [2m | [22m [1m86.45 kB[22m
[1mLazy chunk files[22m   [2m | [22m[1mNames[22m                      [2m | [22m [1mRaw size[22m
[32mchunk-YSGKPG53.js[37m  [2m | [22m[2m-[22m                          [2m | [22m [36m90.49 kB[37m[2m | [22m
[32mchunk-Q6FDBVSF.js[37m  [2m | [22m[2mmain-layout-component[22m      [2m | [22m [36m12.30 kB[37m[2m | [22m
[32mchunk-CXOMJPAT.js[37m  [2m | [22m[2mhome-component[22m             [2m | [22m [36m12.30 kB[37m[2m | [22m
[32mchunk-P2QNYMRB.js[37m  [2m | [22m[2mbrowse-committees-component[22m[2m | [22m [36m11.89 kB[37m[2m | [22m
[32mchunk-AT324Y5T.js[37m  [2m | [22m[2mdashboard-component[22m        [2m | [22m [36m11.61 kB[37m[2m | [22m
[32mchunk-KPXNXKCP.js[37m  [2m | [22m[2mmy-committees-component[22m    [2m | [22m [36m11.16 kB[37m[2m | [22m
[32mchunk-Q57TO4SQ.js[37m  [2m | [22m[2mpayment-component[22m          [2m | [22m [36m10.47 kB[37m[2m | [22m
[32mchunk-P4ODOCYW.js[37m  [2m | [22m[2msupport-component[22m          [2m | [22m  [36m9.15 kB[37m[2m | [22m
[32mchunk-CRYMHZMO.js[37m  [2m | [22m[2mprofile-component[22m          [2m | [22m  [36m8.34 kB[39m
[37m[39m[2m | [22m
[32mchunk-3QDNNCGX.js[37m  [2m | [22m[2mwallet-component[22m           [2m | [22m  [36m7.18 kB[37m[2m | [22m
[32mchunk-YEX7KXDL.js[37m  [2m | [22m[2mtrust-score-component[22m      [2m | [22m  [36m6.09 kB[37m[2m | [22m
[32mchunk-BKWR7E4V.js[37m  [2m | [22m[2mlogin-component[22m            [2m | [22m  [36m5.97 kB[37m[2m | [22m
[32mchunk-MQ3N7UWB.js[37m  [2m | [22m[2mregister-component[22m         [2m | [22m  [36m5.76 kB[37m[2m | [22m
[32mchunk-AMA36ZGM.js[37m  [2m | [22m[2mauth-layout-component[22m      [2m | [22m  [36m4.48 kB[37m[2m | [22m
[32mchunk-TNDMX5A6.js[37m  [2m | [22m[2mforgot-password-component[22m  [2m | [22m  [36m4.19 kB[37m[2m | [22m
[2m...and 1 more lazy chunks files. Use "--verbose" to show all the files.[22m
Application bundle generation complete. [0.189 seconds] - 2026-05-10T15:56:40.125Z
[39m
[33m>[39m Changes detected. Rebuilding...
[32m√[39m Changes detected. Rebuilding...
[37m[1mInitial chunk files[22m[2m | [22m[1mNames[22m                [2m | [22m[1mRaw size[22m
[32mmain.js[37m            [2m | [22m[2mmain[22m                 [2m | [22m [36m5.25 kB[37m[2m | [22m
[32mchunk-NY5GF7CV.js[37m  [2m | [22m[2m-[22m                    [2m | [22m [36m1.74 kB[37m[2m | [22m
[1mLazy chunk files[22m   [2m | [22m[1mNames[22m                [2m | [22m[1mRaw size[22m
[32mchunk-OC6FL2A4.js[37m  [2m | [22m[2mmain-layout-component[22m[2m | [22m[36m12.30 kB[37m[2m | [22m
[32mchunk-MMEIBWTI.js[37m  [2m | [22m[2mlogin-component[22m      [2m | [22m [36m5.97 kB[37m[2m | [22m
Application bundle generation complete. [2.242 seconds] - 2026-05-10T15:56:57.835Z
[39m
[37mPage reload sent to client(s).[39m
[33m>[39m Changes detected. Rebuilding...
[32m√[39m Changes detected. Rebuilding...
[37mApplication bundle generation failed. [0.588 seconds] - 2026-05-10T15:57:24.567Z
[39m
[1m[31m[31mX [41;31m[[41;97mERROR[41;31m][0m [1mTS2345: Argument of type 'string' is not assignable to parameter of type '"cm_001" | "cm_002" | "cm_003"'.[0m [1m[35m[plugin angular-compiler][0m
    user-portal/src/app/core/user-data.service.ts:49:62:
[37m      49 │ ...s().filter(c => approvedIds.includes([32mc.id[37m) || c.leaderId === uid);
         ╵                                         [32m~~~~[0m
[31mX [41;31m[[41;97mERROR[41;31m][0m [1mTS2322: Type 'string' is not assignable to type '"req_001" | "req_002" | "req_003"'.[0m [1m[35m[plugin angular-compiler][0m
    user-portal/src/app/core/user-data.service.ts:87:6:
[37m      87 │       [32mid[37m: 'req_' + Date.now(),
         ╵       [32m~~[0m
  The expected type comes from property 'id' which is declared here on type '{ readonly id: "req_001"; readonly userId: "usr_003"; readonly committeeId: "cm_001"; readonly status: "Pending"; readonly riskFlag: false; readonly requestedAt: "2026-05-09T09:00:00Z"; } | { ...; } | { ...; }'
    libs/src/lib/shared-types/mocks/index.ts:675:4:
[37m      675 │     [32mid: 'req_001'[37m,
          ╵     [32m~~~~~~~~~~~~~[0m
[31mX [41;31m[[41;97mERROR[41;31m][0m [1mTS2322: Type 'string' is not assignable to type '"usr_003" | "usr_004" | "usr_002"'.[0m [1m[35m[plugin angular-compiler][0m
    user-portal/src/app/core/user-data.service.ts:88:6:
[37m      88 │       [32muserId[37m: uid,
         ╵       [32m~~~~~~[0m
  The expected type comes from property 'userId' which is declared here on type '{ readonly id: "req_001"; readonly userId: "usr_003"; readonly committeeId: "cm_001"; readonly status: "Pending"; readonly riskFlag: false; readonly requestedAt: "2026-05-09T09:00:00Z"; } | { ...; } | { ...; }'
    libs/src/lib/shared-types/mocks/index.ts:676:4:
[37m      676 │     [32muserId: 'usr_003'[37m,
          ╵     [32m~~~~~~~~~~~~~~~~~[0m
[31mX [41;31m[[41;97mERROR[41;31m][0m [1mTS2322: Type 'string' is not assignab[39m[22m[1m[31mle to type '"cm_001" | "cm_002" | "cm_003"'.[0m [1m[35m[plugin angular-compiler][0m
    user-portal/src/app/core/user-data.service.ts:89:6:
[37m      89 │       [32mcommitteeId[37m: committee.id,
         ╵       [32m~~~~~~~~~~~[0m
  The expected type comes from property 'committeeId' which is declared here on type '{ readonly id: "req_001"; readonly userId: "usr_003"; readonly committeeId: "cm_001"; readonly status: "Pending"; readonly riskFlag: false; readonly requestedAt: "2026-05-09T09:00:00Z"; } | { ...; } | { ...; }'
    libs/src/lib/shared-types/mocks/index.ts:677:4:
[37m      677 │     [32mcommitteeId: 'cm_001'[37m,
          ╵     [32m~~~~~~~~~~~~~~~~~~~~~[0m
[31mX [41;31m[[41;97mERROR[41;31m][0m [1mTS2322: Type 'string' is not assignable to type '"2026-05-09T09:00:00Z" | "2026-05-08T13:15:00Z" | "2026-05-06T11:30:00Z"'.[0m [1m[35m[plugin angular-compiler][0m
    user-portal/src/app/core/user-data.service.ts:92:6:
[37m      92 │       [32mrequestedAt[37m: new Date().toISOString(),
         ╵       [32m~~~~~~~~~~~[0m
  The expected type comes from property 'requestedAt' which is declared here on type '{ readonly id: "req_001"; readonly userId: "usr_003"; readonly committeeId: "cm_001"; readonly status: "Pending"; readonly riskFlag: false; readonly requestedAt: "2026-05-09T09:00:00Z"; } | { ...; } | { ...; }'
    libs/src/lib/shared-types/mocks/index.ts:680:4:
[37m      680 │     [32mrequestedAt: '2026-05-09T09:00:00Z'[37m,
          ╵     [32m~~~~~~~~~~~~~~~~~~~~~~~~~~~~~~~~~~~[0m
[39m[22m
[33m>[39m Changes detected. Rebuilding...
[32m√[39m Changes detected. Rebuilding...
[37mApplication bundle generation failed. [1.765 seconds] - 2026-05-10T15:57:50.929Z
[39m
[1m[31m[31mX [41;31m[[41;97mERROR[41;31m][0m [1mTS2345: Argument of type 'string' is not assignable to parameter of type '"cm_001" | "cm_002" | "cm_003"'.[0m [1m[35m[plugin angular-compiler][0m
    user-portal/src/app/core/user-data.service.ts:49:62:
[37m      49 │ ...s().filter(c => approvedIds.includes([32mc.id[37m) || c.leaderId === uid);
         ╵                                         [32m~~~~[0m
[31mX [41;31m[[41;97mERROR[41;31m][0m [1mTS2322: Type 'string' is not assignable to type '"req_001" | "req_002" | "req_003"'.[0m [1m[35m[plugin angular-compiler][0m
    user-portal/src/app/core/user-data.service.ts:87:6:
[37m      87 │       [32mid[37m: 'req_' + Date.now(),
         ╵       [32m~~[0m
  The expected type comes from property 'id' which is declared here on type '{ readonly id: "req_001"; readonly userId: "usr_003"; readonly committeeId: "cm_001"; readonly status: "Pending"; readonly riskFlag: false; readonly requestedAt: "2026-05-09T09:00:00Z"; } | { ...; } | { ...; }'
    libs/src/lib/shared-types/mocks/index.ts:675:4:
[37m      675 │     [32mid: 'req_001'[37m,
          ╵     [32m~~~~~~~~~~~~~[0m
[31mX [41;31m[[41;97mERROR[41;31m][0m [1mTS2322: Type 'string' is not assignable to type '"usr_003" | "usr_004" | "usr_002"'.[0m [1m[35m[plugin angular-compiler][0m
    user-portal/src/app/core/user-data.service.ts:88:6:
[37m      88 │       [32muserId[37m: uid,
         ╵       [32m~~~~~~[0m
  The expected type comes from property 'userId' which is declared here on type '{ readonly id: "req_001"; readonly userId: "usr_003"; readonly committeeId: "cm_001"; readonly status: "Pending"; readonly riskFlag: false; readonly requestedAt: "2026-05-09T09:00:00Z"; } | { ...; } | { ...; }'
    libs/src/lib/shared-types/mocks/index.ts:676:4:
[37m      676 │     [32muserId: 'usr_003'[37m,
          ╵     [32m~~~~~~~~~~~~~~~~~[0m
[31mX [41;31m[[41;97mERROR[41;31m][0m [1mTS2322: Type 'string' is not assignab[39m[22m
[1m[31mle to type '"cm_001" | "cm_002" | "cm_003"'.[0m [1m[35m[plugin angular-compiler][0m
    user-portal/src/app/core/user-data.service.ts:89:6:
[37m      89 │       [32mcommitteeId[37m: committee.id,
         ╵       [32m~~~~~~~~~~~[0m
  The expected type comes from property 'committeeId' which is declared here on type '{ readonly id: "req_001"; readonly userId: "usr_003"; readonly committeeId: "cm_001"; readonly status: "Pending"; readonly riskFlag: false; readonly requestedAt: "2026-05-09T09:00:00Z"; } | { ...; } | { ...; }'
    libs/src/lib/shared-types/mocks/index.ts:677:4:
[37m      677 │     [32mcommitteeId: 'cm_001'[37m,
          ╵     [32m~~~~~~~~~~~~~~~~~~~~~[0m
[31mX [41;31m[[41;97mERROR[41;31m][0m [1mTS2322: Type 'string' is not assignable to type '"2026-05-09T09:00:00Z" | "2026-05-08T13:15:00Z" | "2026-05-06T11:30:00Z"'.[0m [1m[35m[plugin angular-compiler][0m
    user-portal/src/app/core/user-data.service.ts:92:6:
[37m      92 │       [32mrequestedAt[37m: new Date().toISOString(),
         ╵       [32m~~~~~~~~~~~[0m
  The expected type comes from property 'requestedAt' which is declared here on type '{ readonly id: "req_001"; readonly userId: "usr_003"; readonly committeeId: "cm_001"; readonly status: "Pending"; readonly riskFlag: false; readonly requestedAt: "2026-05-09T09:00:00Z"; } | { ...; } | { ...; }'
    libs/src/lib/shared-types/mocks/index.ts:680:4:
[37m      680 │     [32mrequestedAt: '2026-05-09T09:00:00Z'[37m,
          ╵     [32m~~~~~~~~~~~~~~~~~~~~~~~~~~~~~~~~~~~[0m
[39m[22m
[33m>[39m Changes detected. Rebuilding...
[32m√[39m Changes detected. Rebuilding...
[37mApplication bundle generation failed. [0.949 seconds] - 2026-05-10T15:58:34.409Z
[39m
[1m[31m[31mX [41;31m[[41;97mERROR[41;31m][0m [1mTS2345: Argument of type 'string' is not assignable to parameter of type '"cm_001" | "cm_002" | "cm_003"'.[0m [1m[35m[plugin angular-compiler][0m
    user-portal/src/app/core/user-data.service.ts:49:62:
[37m      49 │ ...s().filter(c => approvedIds.includes([32mc.id[37m) || c.leaderId === uid);
         ╵                                         [32m~~~~[0m
[31mX [41;31m[[41;97mERROR[41;31m][0m [1mTS2322: Type 'string' is not assignable to type '"req_001" | "req_002" | "req_003"'.[0m [1m[35m[plugin angular-compiler][0m
    user-portal/src/app/core/user-data.service.ts:87:6:
[37m      87 │       [32mid[37m: 'req_' + Date.now(),
         ╵       [32m~~[0m
  The expected type comes from property 'id' which is declared here on type '{ readonly id: "req_001"; readonly userId: "usr_003"; readonly committeeId: "cm_001"; readonly status: "Pending"; readonly riskFlag: false; readonly requestedAt: "2026-05-09T09:00:00Z"; } | { ...; } | { ...; }'
    libs/src/lib/shared-types/mocks/index.ts:675:4:
[37m      675 │     [32mid: 'req_001'[37m,
          ╵     [32m~~~~~~~~~~~~~[0m
[31mX [41;31m[[41;97mERROR[41;31m][0m [1mTS2322: Type 'string' is not assignable to type '"usr_003" | "usr_004" | "usr_002"'.[0m [1m[35m[plugin angular-compiler][0m
    user-portal/src/app/core/user-data.service.ts:88:6:
[37m      88 │       [32muserId[37m: uid,
         ╵       [32m~~~~~~[0m
  The expected type comes from property 'userId' which is declared here on type '{ readonly id: "req_001"; readonly userId: "usr_003"; readonly committeeId: "cm_001"; readonly status: "Pending"; readonly riskFlag: false; readonly requestedAt: "2026-05-09T09:00:00Z"; } | { ...; } | { ...; }'
    libs/src/lib/shared-types/mocks/index.ts:676:4:
[37m      676 │     [32muserId: 'usr_003'[37m,
          ╵     [32m~~~~~~~~~~~~~~~~~[0m
[31mX [41;31m[[41;97mERROR[41;31m][0m [1mTS2322: Type 'string' is not assignab[39m[22m
[1m[31mle to type '"cm_001" | "cm_002" | "cm_003"'.[0m [1m[35m[plugin angular-compiler][0m
    user-portal/src/app/core/user-data.service.ts:89:6:
[37m      89 │       [32mcommitteeId[37m: committee.id,
         ╵       [32m~~~~~~~~~~~[0m
  The expected type comes from property 'committeeId' which is declared here on type '{ readonly id: "req_001"; readonly userId: "usr_003"; readonly committeeId: "cm_001"; readonly status: "Pending"; readonly riskFlag: false; readonly requestedAt: "2026-05-09T09:00:00Z"; } | { ...; } | { ...; }'
    libs/src/lib/shared-types/mocks/index.ts:677:4:
[37m      677 │     [32mcommitteeId: 'cm_001'[37m,
          ╵     [32m~~~~~~~~~~~~~~~~~~~~~[0m
[31mX [41;31m[[41;97mERROR[41;31m][0m [1mTS2322: Type 'string' is not assignable to type '"2026-05-09T09:00:00Z" | "2026-05-08T13:15:00Z" | "2026-05-06T11:30:00Z"'.[0m [1m[35m[plugin angular-compiler][0m
    user-portal/src/app/core/user-data.service.ts:92:6:
[37m      92 │       [32mrequestedAt[37m: new Date().toISOString(),
         ╵       [32m~~~~~~~~~~~[0m
  The expected type comes from property 'requestedAt' which is declared here on type '{ readonly id: "req_001"; readonly userId: "usr_003"; readonly committeeId: "cm_001"; readonly status: "Pending"; readonly riskFlag: false; readonly requestedAt: "2026-05-09T09:00:00Z"; } | { ...; } | { ...; }'
    libs/src/lib/shared-types/mocks/index.ts:680:4:
[37m      680 │     [32mrequestedAt: '2026-05-09T09:00:00Z'[37m,
          ╵     [32m~~~~~~~~~~~~~~~~~~~~~~~~~~~~~~~~~~~[0m
[39m[22m
[33m>[39m Changes detected. Rebuilding...
[32m√[39m Changes detected. Rebuilding...
[37mApplication bundle generation failed. [0.630 seconds] - 2026-05-10T15:59:14.315Z
[39m
[1m[31m[31mX [41;31m[[41;97mERROR[41;31m][0m [1mTS2345: Argument of type 'string' is not assignable to parameter of type '"cm_001" | "cm_002" | "cm_003"'.[0m [1m[35m[plugin angular-compiler][0m
    user-portal/src/app/core/user-data.service.ts:49:62:
[37m      49 │ ...s().filter(c => approvedIds.includes([32mc.id[37m) || c.leaderId === uid);
         ╵                                         [32m~~~~[0m
[31mX [41;31m[[41;97mERROR[41;31m][0m [1mTS2322: Type 'string' is not assignable to type '"req_001" | "req_002" | "req_003"'.[0m [1m[35m[plugin angular-compiler][0m
    user-portal/src/app/core/user-data.service.ts:87:6:
[37m      87 │       [32mid[37m: 'req_' + Date.now(),
         ╵       [32m~~[0m
  The expected type comes from property 'id' which is declared here on type '{ readonly id: "req_001"; readonly userId: "usr_003"; readonly committeeId: "cm_001"; readonly status: "Pending"; readonly riskFlag: false; readonly requestedAt: "2026-05-09T09:00:00Z"; } | { ...; } | { ...; }'
    libs/src/lib/shared-types/mocks/index.ts:675:4:
[37m      675 │     [32mid: 'req_001'[37m,
          ╵     [32m~~~~~~~~~~~~~[0m
[31mX [41;31m[[41;97mERROR[41;31m][0m [1mTS2322: Type 'string' is not assignable to type '"usr_003" | "usr_004" | "usr_002"'.[0m [1m[35m[plugin angular-compiler][0m
    user-portal/src/app/core/user-data.service.ts:88:6:
[37m      88 │       [32muserId[37m: uid,
         ╵       [32m~~~~~~[0m
  The expected type comes from property 'userId' which is declared here on type '{ readonly id: "req_001"; readonly userId: "usr_003"; readonly committeeId: "cm_001"; readonly status: "Pending"; readonly riskFlag: false; readonly requestedAt: "2026-05-09T09:00:00Z"; } | { ...; } | { ...; }'
    libs/src/lib/shared-types/mocks/index.ts:676:4:
[37m      676 │     [32muserId: 'usr_003'[37m,
          ╵     [32m~~~~~~~~~~~~~~~~~[0m
[31mX [41;31m[[41;97mERROR[41;31m][0m [1mTS2322: Type 'string' is not assignab[39m[22m[1m[31mle to type '"cm_001" | "cm_002" | "cm_003"'.[0m [1m[35m[plugin angular-compiler][0m
    user-portal/src/app/core/user-data.service.ts:89:6:
[37m      89 │       [32mcommitteeId[37m: committee.id,
         ╵       [32m~~~~~~~~~~~[0m
  The expected type comes from property 'committeeId' which is declared here on type '{ readonly id: "req_001"; readonly userId: "usr_003"; readonly committeeId: "cm_001"; readonly status: "Pending"; readonly riskFlag: false; readonly requestedAt: "2026-05-09T09:00:00Z"; } | { ...; } | { ...; }'
    libs/src/lib/shared-types/mocks/index.ts:677:4:
[37m      677 │     [32mcommitteeId: 'cm_001'[37m,
          ╵     [32m~~~~~~~~~~~~~~~~~~~~~[0m
[31mX [41;31m[[41;97mERROR[41;31m][0m [1mTS2322: Type 'string' is not assignable to type '"2026-05-09T09:00:00Z" | "2026-05-08T13:15:00Z" | "2026-05-06T11:30:00Z"'.[0m [1m[35m[plugin angular-compiler][0m
    user-portal/src/app/core/user-data.service.ts:92:6:
[37m      92 │       [32mrequestedAt[37m: new Date().toISOString(),
         ╵       [32m~~~~~~~~~~~[0m
  The expected type comes from property 'requestedAt' which is declared here on type '{ readonly id: "req_001"; readonly userId: "usr_003"; readonly committeeId: "cm_001"; readonly status: "Pending"; readonly riskFlag: false; readonly requestedAt: "2026-05-09T09:00:00Z"; } | { ...; } | { ...; }'
    libs/src/lib/shared-types/mocks/index.ts:680:4:
[37m      680 │     [32mrequestedAt: '2026-05-09T09:00:00Z'[37m,
          ╵     [32m~~~~~~~~~~~~~~~~~~~~~~~~~~~~~~~~~~~[0m
[39m[22m
[33m>[39m Changes detected. Rebuilding...
[32m√[39m Changes detected. Rebuilding...
[37mApplication bundle generation failed. [0.722 seconds] - 2026-05-10T15:59:58.867Z
[39m
[1m[33m[33m▲ [43;33m[[43;30mWARNING[43;33m][0m [1mNG8113: PaymentChipComponent is not used within the template of MyCommitteesComponent[0m [1m[35m[plugin angular-compiler][0m
    user-portal/src/app/pages/my-committees.component.ts:11:79:
[37m      11 │ ...ent, DrawerComponent, [32mPaymentChipComponent[37m, StatusBadgeComponent],
         ╵                          [32m~~~~~~~~~~~~~~~~~~~~[0m
[39m[22m
[1m[31m[31mX [41;31m[[41;97mERROR[41;31m][0m [1mTS2345: Argument of type 'string' is not assignable to parameter of type '"cm_001" | "cm_002" | "cm_003"'.[0m [1m[35m[plugin angular-compiler][0m
    user-portal/src/app/core/user-data.service.ts:49:62:
[37m      49 │ ...s().filter(c => approvedIds.includes([32mc.id[37m) || c.leaderId === uid);
         ╵                                         [32m~~~~[0m
[31mX [41;31m[[41;97mERROR[41;31m][0m [1mTS2322: Type 'string' is not assignable to type '"req_001" | "req_002" | "req_003"'.[0m [1m[35m[plugin angular-compiler][0m
    user-portal/src/app/core/user-data.service.ts:87:6:
[37m      87 │       [32mid[37m: 'req_' + Date.now(),
         ╵       [32m~~[0m
  The expected type comes from property 'id' which is declared here on type '{ readonly id: "req_001"; readonly userId: "usr_003"; readonly committeeId: "cm_001"; readonly status: "Pending"; readonly riskFlag: false; readonly requestedAt: "2026-05-09T09:00:00Z"; } | { ...; } | { ...; }'
    libs/src/lib/shared-types/mocks/index.ts:675:4:
[37m      675 │     [32mid: 'req_001'[37m,
          ╵     [32m~~~~~~~~~~~~~[0m
[31mX [41;31m[[41;97mERROR[41;31m][0m [1mTS2322: Type 'string' is not assignable to type '"usr_003" | "usr_004" | "usr_002"'.[0m [1m[35m[plugin angular-compiler][0m
    user-portal/src/app/core/user-data.service.ts:88:6:
[37m      88 │       [32muserId[37m: uid,
         ╵       [32m~~~~~~[0m
  The expected type comes from property 'userId' which is declared here on type '{ readonly id: "req_001"; readonly userId: "usr_003"; readonly committeeId: "cm_001"; readonly status: "Pending"; readonly riskFlag: false; readonly requestedAt: "2026-05-09T09:00:00Z"; } | { ...; } | { ...; }'
    libs/src/lib/shared-types/mocks/index.ts:676:4:
[37m      676 │     [32muserId: 'usr_003'[37m,
          ╵     [32m~~~~~~~~~~~~~~~~~[0m
[31mX [41;31m[[41;97mERROR[41;31m][0m [1mTS2322: Type 'string' is not assignab[39m[22m[1m[31mle to type '"cm_001" | "cm_002" | "cm_003"'.[0m [1m[35m[plugin angular-compiler][0m
    user-portal/src/app/core/user-data.service.ts:89:6:
[37m      89 │       [32mcommitteeId[37m: committee.id,
         ╵       [32m~~~~~~~~~~~[0m
  The expected type comes from property 'committeeId' which is declared here on type '{ readonly id: "req_001"; readonly userId: "usr_003"; readonly committeeId: "cm_001"; readonly status: "Pending"; readonly riskFlag: false; readonly requestedAt: "2026-05-09T09:00:00Z"; } | { ...; } | { ...; }'
    libs/src/lib/shared-types/mocks/index.ts:677:4:
[37m      677 │     [32mcommitteeId: 'cm_001'[37m,
          ╵     [32m~~~~~~~~~~~~~~~~~~~~~[0m
[31mX [41;31m[[41;97mERROR[41;31m][0m [1mTS2322: Type 'string' is not assignable to type '"2026-05-09T09:00:00Z" | "2026-05-08T13:15:00Z" | "2026-05-06T11:30:00Z"'.[0m [1m[35m[plugin angular-compiler][0m
    user-portal/src/app/core/user-data.service.ts:92:6:
[37m      92 │       [32mrequestedAt[37m: new Date().toISOString(),
         ╵       [32m~~~~~~~~~~~[0m
  The expected type comes from property 'requestedAt' which is declared here on type '{ readonly id: "req_001"; readonly userId: "usr_003"; readonly committeeId: "cm_001"; readonly status: "Pending"; readonly riskFlag: false; readonly requestedAt: "2026-05-09T09:00:00Z"; } | { ...; } | { ...; }'
    libs/src/lib/shared-types/mocks/index.ts:680:4:
[37m      680 │     [32mrequestedAt: '2026-05-09T09:00:00Z'[37m,
          ╵     [32m~~~~~~~~~~~~~~~~~~~~~~~~~~~~~~~~~~~[0m
[39m[22m
[33m>[39m Changes detected. Rebuilding...
[32m√[39m Changes detected. Rebuilding...
[37mApplication bundle generation failed. [0.493 seconds] - 2026-05-10T16:00:35.788Z
[39m
[1m[33m[33m▲ [43;33m[[43;30mWARNING[43;33m][0m [1mNG8113: PaymentChipComponent is not used within the template of MyCommitteesComponent[0m [1m[35m[plugin angular-compiler][0m
    user-portal/src/app/pages/my-committees.component.ts:11:79:
[37m      11 │ ...ent, DrawerComponent, [32mPaymentChipComponent[37m, StatusBadgeComponent],
         ╵                          [32m~~~~~~~~~~~~~~~~~~~~[0m
[39m[22m
[1m[31m[31mX [41;31m[[41;97mERROR[41;31m][0m [1mTS2345: Argument of type 'string' is not assignable to parameter of type '"cm_001" | "cm_002" | "cm_003"'.[0m [1m[35m[plugin angular-compiler][0m
    user-portal/src/app/core/user-data.service.ts:49:62:
[37m      49 │ ...s().filter(c => approvedIds.includes([32mc.id[37m) || c.leaderId === uid);
         ╵                                         [32m~~~~[0m
[31mX [41;31m[[41;97mERROR[41;31m][0m [1mTS2322: Type 'string' is not assignable to type '"req_001" | "req_002" | "req_003"'.[0m [1m[35m[plugin angular-compiler][0m
    user-portal/src/app/core/user-data.service.ts:87:6:
[37m      87 │       [32mid[37m: 'req_' + Date.now(),
         ╵       [32m~~[0m
  The expected type comes from property 'id' which is declared here on type '{ readonly id: "req_001"; readonly userId: "usr_003"; readonly committeeId: "cm_001"; readonly status: "Pending"; readonly riskFlag: false; readonly requestedAt: "2026-05-09T09:00:00Z"; } | { ...; } | { ...; }'
    libs/src/lib/shared-types/mocks/index.ts:675:4:
[37m      675 │     [32mid: 'req_001'[37m,
          ╵     [32m~~~~~~~~~~~~~[0m
[31mX [41;31m[[41;97mERROR[41;31m][0m [1mTS2322: Type 'string' is not assignable to type '"usr_003" | "usr_004" | "usr_002"'.[0m [1m[35m[plugin angular-compiler][0m
    user-portal/src/app/core/user-data.service.ts:88:6:
[37m      88 │       [32muserId[37m: uid,
         ╵       [32m~~~~~~[0m
  The expected type comes from property 'userId' which is declared here on type '{ readonly id: "req_001"; readonly userId: "usr_003"; readonly committeeId: "cm_001"; readonly status: "Pending"; readonly riskFlag: false; readonly requestedAt: "2026-05-09T09:00:00Z"; } | { ...; } | { ...; }'
    libs/src/lib/shared-types/mocks/index.ts:676:4:
[37m      676 │     [32muserId: 'usr_003'[37m,
          ╵     [32m~~~~~~~~~~~~~~~~~[0m
[31mX [41;31m[[41;97mERROR[41;31m][0m [1mTS2322: Type 'string' is not assignab[39m[22m
[1m[31mle to type '"cm_001" | "cm_002" | "cm_003"'.[0m [1m[35m[plugin angular-compiler][0m
    user-portal/src/app/core/user-data.service.ts:89:6:
[37m      89 │       [32mcommitteeId[37m: committee.id,
         ╵       [32m~~~~~~~~~~~[0m
  The expected type comes from property 'committeeId' which is declared here on type '{ readonly id: "req_001"; readonly userId: "usr_003"; readonly committeeId: "cm_001"; readonly status: "Pending"; readonly riskFlag: false; readonly requestedAt: "2026-05-09T09:00:00Z"; } | { ...; } | { ...; }'
    libs/src/lib/shared-types/mocks/index.ts:677:4:
[37m      677 │     [32mcommitteeId: 'cm_001'[37m,
          ╵     [32m~~~~~~~~~~~~~~~~~~~~~[0m
[31mX [41;31m[[41;97mERROR[41;31m][0m [1mTS2322: Type 'string' is not assignable to type '"2026-05-09T09:00:00Z" | "2026-05-08T13:15:00Z" | "2026-05-06T11:30:00Z"'.[0m [1m[35m[plugin angular-compiler][0m
    user-portal/src/app/core/user-data.service.ts:92:6:
[37m      92 │       [32mrequestedAt[37m: new Date().toISOString(),
         ╵       [32m~~~~~~~~~~~[0m
  The expected type comes from property 'requestedAt' which is declared here on type '{ readonly id: "req_001"; readonly userId: "usr_003"; readonly committeeId: "cm_001"; readonly status: "Pending"; readonly riskFlag: false; readonly requestedAt: "2026-05-09T09:00:00Z"; } | { ...; } | { ...; }'
    libs/src/lib/shared-types/mocks/index.ts:680:4:
[37m      680 │     [32mrequestedAt: '2026-05-09T09:00:00Z'[37m,
          ╵     [32m~~~~~~~~~~~~~~~~~~~~~~~~~~~~~~~~~~~[0m
[31mX [41;31m[[41;97mERROR[41;31m][0m [1mTS2322: Type '"warning"' is not assignable to type '"neutral" | "success" | "danger"'.[0m [1m[35m[plugin angular-compiler][0m
    user-portal/src/app/pages/dashboard.component.ts:18:104:
[37m      18 │ ...]="pendingCount"                      icon="⏳[32m" to[37mne="warning" />
         ╵                                                 [32m~~~~[0m
[39m[22m
Task "user-portal:serve:development" is continuous but exited with code 4294967295

[2m[31m[39m[22m

[7m[1m[31m NX [39m[22m[27m  [31mRunning target [1mserve[22m for project user-portal failed[39m

[2mFailed tasks:[22m

[2m-[22m user-portal:serve:development

[2mHint: run the command with[22m --verbose [2mfor more details.[22m

